String Replace
Thiswillhavethespacesremoved

String Replace with count
Thiswill have the spaces removed